2026-10-02 00:33:22.446  INFO 28412 --- [nio-8080-exec-6] c.e.orders.OrderProcessingService      : Initializing Spring Framework Servlet 'dispatcherServlet'
2026-10-02 00:33:25.139  INFO 28412 --- [nio-8080-exec-4] c.e.orders.OrderProcessingService      : Scheduled audit cron job finished in 420ms
2026-10-02 00:33:27.115  INFO 28412 --- [nio-8080-exec-4] c.e.orders.OrderProcessingService      : Scheduled audit cron job finished in 420ms
2026-10-02 00:33:29.379  INFO 28412 --- [nio-8080-exec-10] c.e.orders.OrderProcessingService      : Fetching user preferences for account #94821
2026-10-02 00:33:32.091  INFO 28412 --- [nio-8080-exec-6] c.e.orders.OrderProcessingService      : Scheduled audit cron job finished in 420ms
2026-10-02 00:33:34.825  INFO 28412 --- [nio-8080-exec-7] c.e.orders.OrderProcessingService      : Fetching user preferences for account #94821
2026-10-02 00:33:36.902  INFO 28412 --- [nio-8080-exec-9] c.e.orders.OrderProcessingService      : Completed 200 OK in 14ms
2026-10-02 00:33:40.036  INFO 28412 --- [nio-8080-exec-8] c.e.orders.OrderProcessingService      : Fetching user preferences for account #94821
2026-10-02 00:33:42.581  INFO 28412 --- [nio-8080-exec-1] c.e.orders.OrderProcessingService      : Initializing Spring Framework Servlet 'dispatcherServlet'
2026-10-02 00:33:45.018  INFO 28412 --- [nio-8080-exec-5] c.e.orders.OrderProcessingService      : Scheduled audit cron job finished in 420ms
2026-10-02 00:33:47.609  INFO 28412 --- [nio-8080-exec-10] c.e.orders.OrderProcessingService      : Initializing Spring Framework Servlet 'dispatcherServlet'
2026-10-02 00:33:49.572  INFO 28412 --- [nio-8080-exec-10] c.e.orders.OrderProcessingService      : Fetching user preferences for account #94821
2026-10-02 00:33:52.264  INFO 28412 --- [nio-8080-exec-9] c.e.orders.OrderProcessingService      : Kafka consumer partition rebalance completed successfully
2026-10-02 00:33:54.198  INFO 28412 --- [nio-8080-exec-9] c.e.orders.OrderProcessingService      : Kafka consumer partition rebalance completed successfully
2026-10-02 00:33:57.403  INFO 28412 --- [nio-8080-exec-2] c.e.orders.OrderProcessingService      : Initializing Spring Framework Servlet 'dispatcherServlet'
2026-10-02 00:33:59.741  INFO 28412 --- [nio-8080-exec-3] c.e.orders.OrderProcessingService      : Fetching user preferences for account #94821
2026-10-02 00:34:01.694  INFO 28412 --- [nio-8080-exec-3] c.e.orders.OrderProcessingService      : Scheduled audit cron job finished in 420ms
2026-10-02 00:34:04.729  INFO 28412 --- [nio-8080-exec-9] c.e.orders.OrderProcessingService      : Fetching user preferences for account #94821
2026-10-02 00:34:06.843  INFO 28412 --- [nio-8080-exec-2] c.e.orders.OrderProcessingService      : Completed 200 OK in 14ms
2026-10-02 00:34:09.602  INFO 28412 --- [nio-8080-exec-2] c.e.orders.OrderProcessingService      : Completed 200 OK in 14ms
2026-10-02 00:34:11.743  INFO 28412 --- [nio-8080-exec-9] c.e.orders.OrderProcessingService      : Fetching user preferences for account #94821
2026-10-02 00:34:14.960  INFO 28412 --- [nio-8080-exec-1] c.e.orders.OrderProcessingService      : Completed 200 OK in 14ms
2026-10-02 00:34:16.869  INFO 28412 --- [nio-8080-exec-1] c.e.orders.OrderProcessingService      : Kafka consumer partition rebalance completed successfully
2026-10-02 00:34:19.865  INFO 28412 --- [nio-8080-exec-4] c.e.orders.OrderProcessingService      : Initializing Spring Framework Servlet 'dispatcherServlet'
2026-10-02 00:34:22.384  INFO 28412 --- [nio-8080-exec-1] c.e.orders.OrderProcessingService      : Completed 200 OK in 14ms
2026-10-02 00:34:24.252  INFO 28412 --- [nio-8080-exec-2] c.e.orders.OrderProcessingService      : Completed 200 OK in 14ms
2026-10-02 00:34:26.680  INFO 28412 --- [nio-8080-exec-3] c.e.orders.OrderProcessingService      : Kafka consumer partition rebalance completed successfully
2026-10-02 00:34:29.266  INFO 28412 --- [nio-8080-exec-5] c.e.orders.OrderProcessingService      : Completed 200 OK in 14ms
2026-10-02 00:34:31.863  INFO 28412 --- [nio-8080-exec-9] c.e.orders.OrderProcessingService      : Fetching user preferences for account #94821
2026-10-02 00:34:34.897  INFO 28412 --- [nio-8080-exec-7] c.e.orders.OrderProcessingService      : Scheduled audit cron job finished in 420ms
2026-10-02 00:34:36.869  INFO 28412 --- [nio-8080-exec-9] c.e.orders.OrderProcessingService      : Kafka consumer partition rebalance completed successfully
2026-10-02 00:34:39.740  INFO 28412 --- [nio-8080-exec-3] c.e.orders.OrderProcessingService      : Kafka consumer partition rebalance completed successfully
2026-10-02 00:34:42.537  INFO 28412 --- [nio-8080-exec-2] c.e.orders.OrderProcessingService      : Initializing Spring Framework Servlet 'dispatcherServlet'
2026-10-02 00:34:44.348  INFO 28412 --- [nio-8080-exec-6] c.e.orders.OrderProcessingService      : Kafka consumer partition rebalance completed successfully
2026-10-02 00:34:47.152  INFO 28412 --- [nio-8080-exec-10] c.e.orders.OrderProcessingService      : Fetching user preferences for account #94821
2026-10-02 00:34:49.750  INFO 28412 --- [nio-8080-exec-8] c.e.orders.OrderProcessingService      : Completed 200 OK in 14ms
2026-10-02 00:34:51.887  INFO 28412 --- [nio-8080-exec-8] c.e.orders.OrderProcessingService      : Kafka consumer partition rebalance completed successfully
2026-10-02 00:34:54.797  INFO 28412 --- [nio-8080-exec-3] c.e.orders.OrderProcessingService      : Fetching user preferences for account #94821
2026-10-02 00:34:57.476  INFO 28412 --- [nio-8080-exec-2] c.e.orders.OrderProcessingService      : Kafka consumer partition rebalance completed successfully
2026-10-02 00:34:59.401  INFO 28412 --- [nio-8080-exec-8] c.e.orders.OrderProcessingService      : Initializing Spring Framework Servlet 'dispatcherServlet'
2026-10-02 00:35:01.947  INFO 28412 --- [nio-8080-exec-7] c.e.orders.OrderProcessingService      : Kafka consumer partition rebalance completed successfully
2026-10-02 00:35:04.403  INFO 28412 --- [nio-8080-exec-3] c.e.orders.OrderProcessingService      : Scheduled audit cron job finished in 420ms
2026-10-02 00:35:06.806  INFO 28412 --- [nio-8080-exec-10] c.e.orders.OrderProcessingService      : Kafka consumer partition rebalance completed successfully
2026-10-02 00:35:09.724  INFO 28412 --- [nio-8080-exec-5] c.e.orders.OrderProcessingService      : Kafka consumer partition rebalance completed successfully
2026-10-02 00:35:12.153  INFO 28412 --- [nio-8080-exec-3] c.e.orders.OrderProcessingService      : Fetching user preferences for account #94821
2026-10-02 00:35:14.869  INFO 28412 --- [nio-8080-exec-2] c.e.orders.OrderProcessingService      : Initializing Spring Framework Servlet 'dispatcherServlet'
2026-10-02 00:35:16.833  INFO 28412 --- [nio-8080-exec-10] c.e.orders.OrderProcessingService      : Scheduled audit cron job finished in 420ms
2026-10-02 00:35:19.982  INFO 28412 --- [nio-8080-exec-6] c.e.orders.OrderProcessingService      : Kafka consumer partition rebalance completed successfully
2026-10-02 00:35:22.140  INFO 28412 --- [nio-8080-exec-4] c.e.orders.OrderProcessingService      : Initializing Spring Framework Servlet 'dispatcherServlet'
2026-10-02 00:35:24.420  INFO 28412 --- [nio-8080-exec-4] c.e.orders.OrderProcessingService      : Kafka consumer partition rebalance completed successfully
2026-10-02 00:35:26.935 ERROR 28412 --- [nio-8080-exec-4] c.e.orders.OrderProcessingService      : Exception occurred during order fulfillment
java.lang.NullPointerException: Cannot invoke "com.example.orders.UserAccount.getBalance()" because "user" is null
	at com.example.orders.OrderProcessingService.validateCredit(OrderProcessingService.java:142)
	at com.example.orders.OrderProcessingService.processOrder(OrderProcessingService.java:87)
	at com.example.orders.OrderController.submit(OrderController.java:54)
	at jdk.internal.reflect.NativeMethodAccessorImpl.invoke0(Native Method)
	at org.springframework.web.method.support.InvocableHandlerMethod.doInvoke(InvocableHandlerMethod.java:205)
	at org.springframework.web.servlet.DispatcherServlet.doDispatch(DispatcherServlet.java:1081)
2026-10-02 00:35:29.756 ERROR 28412 --- [nio-8080-exec-4] c.e.orders.OrderProcessingService      : Exception occurred during order fulfillment
java.lang.NullPointerException: Cannot invoke "com.example.orders.UserAccount.getBalance()" because "user" is null
	at com.example.orders.OrderProcessingService.validateCredit(OrderProcessingService.java:142)
	at com.example.orders.OrderProcessingService.processOrder(OrderProcessingService.java:87)
	at com.example.orders.OrderController.submit(OrderController.java:54)
	at jdk.internal.reflect.NativeMethodAccessorImpl.invoke0(Native Method)
	at org.springframework.web.method.support.InvocableHandlerMethod.doInvoke(InvocableHandlerMethod.java:205)
	at org.springframework.web.servlet.DispatcherServlet.doDispatch(DispatcherServlet.java:1081)
2026-10-02 00:35:31.981 ERROR 28412 --- [nio-8080-exec-4] c.e.orders.OrderProcessingService      : Exception occurred during order fulfillment
java.lang.NullPointerException: Cannot invoke "com.example.orders.UserAccount.getBalance()" because "user" is null
	at com.example.orders.OrderProcessingService.validateCredit(OrderProcessingService.java:142)
	at com.example.orders.OrderProcessingService.processOrder(OrderProcessingService.java:87)
	at com.example.orders.OrderController.submit(OrderController.java:54)
	at jdk.internal.reflect.NativeMethodAccessorImpl.invoke0(Native Method)
	at org.springframework.web.method.support.InvocableHandlerMethod.doInvoke(InvocableHandlerMethod.java:205)
	at org.springframework.web.servlet.DispatcherServlet.doDispatch(DispatcherServlet.java:1081)
2026-10-02 00:35:34.259 ERROR 28412 --- [nio-8080-exec-4] c.e.orders.OrderProcessingService      : Exception occurred during order fulfillment
java.lang.NullPointerException: Cannot invoke "com.example.orders.UserAccount.getBalance()" because "user" is null
	at com.example.orders.OrderProcessingService.validateCredit(OrderProcessingService.java:142)
	at com.example.orders.OrderProcessingService.processOrder(OrderProcessingService.java:87)
	at com.example.orders.OrderController.submit(OrderController.java:54)
	at jdk.internal.reflect.NativeMethodAccessorImpl.invoke0(Native Method)
	at org.springframework.web.method.support.InvocableHandlerMethod.doInvoke(InvocableHandlerMethod.java:205)
	at org.springframework.web.servlet.DispatcherServlet.doDispatch(DispatcherServlet.java:1081)
2026-10-02 00:35:37.291 ERROR 28412 --- [nio-8080-exec-4] c.e.orders.OrderProcessingService      : Exception occurred during order fulfillment
java.lang.NullPointerException: Cannot invoke "com.example.orders.UserAccount.getBalance()" because "user" is null
	at com.example.orders.OrderProcessingService.validateCredit(OrderProcessingService.java:142)
	at com.example.orders.OrderProcessingService.processOrder(OrderProcessingService.java:87)
	at com.example.orders.OrderController.submit(OrderController.java:54)
	at jdk.internal.reflect.NativeMethodAccessorImpl.invoke0(Native Method)
	at org.springframework.web.method.support.InvocableHandlerMethod.doInvoke(InvocableHandlerMethod.java:205)
	at org.springframework.web.servlet.DispatcherServlet.doDispatch(DispatcherServlet.java:1081)
2026-10-02 00:35:39.280 ERROR 28412 --- [nio-8080-exec-4] c.e.orders.OrderProcessingService      : Exception occurred during order fulfillment
java.lang.NullPointerException: Cannot invoke "com.example.orders.UserAccount.getBalance()" because "user" is null
	at com.example.orders.OrderProcessingService.validateCredit(OrderProcessingService.java:142)
	at com.example.orders.OrderProcessingService.processOrder(OrderProcessingService.java:87)
	at com.example.orders.OrderController.submit(OrderController.java:54)
	at jdk.internal.reflect.NativeMethodAccessorImpl.invoke0(Native Method)
	at org.springframework.web.method.support.InvocableHandlerMethod.doInvoke(InvocableHandlerMethod.java:205)
	at org.springframework.web.servlet.DispatcherServlet.doDispatch(DispatcherServlet.java:1081)
2026-10-02 00:35:41.990 ERROR 28412 --- [nio-8080-exec-4] c.e.orders.OrderProcessingService      : Exception occurred during order fulfillment
java.lang.NullPointerException: Cannot invoke "com.example.orders.UserAccount.getBalance()" because "user" is null
	at com.example.orders.OrderProcessingService.validateCredit(OrderProcessingService.java:142)
	at com.example.orders.OrderProcessingService.processOrder(OrderProcessingService.java:87)
	at com.example.orders.OrderController.submit(OrderController.java:54)
	at jdk.internal.reflect.NativeMethodAccessorImpl.invoke0(Native Method)
	at org.springframework.web.method.support.InvocableHandlerMethod.doInvoke(InvocableHandlerMethod.java:205)
	at org.springframework.web.servlet.DispatcherServlet.doDispatch(DispatcherServlet.java:1081)
2026-10-02 00:35:44.494 ERROR 28412 --- [nio-8080-exec-4] c.e.orders.OrderProcessingService      : Exception occurred during order fulfillment
java.lang.NullPointerException: Cannot invoke "com.example.orders.UserAccount.getBalance()" because "user" is null
	at com.example.orders.OrderProcessingService.validateCredit(OrderProcessingService.java:142)
	at com.example.orders.OrderProcessingService.processOrder(OrderProcessingService.java:87)
	at com.example.orders.OrderController.submit(OrderController.java:54)
	at jdk.internal.reflect.NativeMethodAccessorImpl.invoke0(Native Method)
	at org.springframework.web.method.support.InvocableHandlerMethod.doInvoke(InvocableHandlerMethod.java:205)
	at org.springframework.web.servlet.DispatcherServlet.doDispatch(DispatcherServlet.java:1081)
2026-10-02 00:35:46.746 ERROR 28412 --- [nio-8080-exec-4] c.e.orders.OrderProcessingService      : Exception occurred during order fulfillment
java.lang.NullPointerException: Cannot invoke "com.example.orders.UserAccount.getBalance()" because "user" is null
	at com.example.orders.OrderProcessingService.validateCredit(OrderProcessingService.java:142)
	at com.example.orders.OrderProcessingService.processOrder(OrderProcessingService.java:87)
	at com.example.orders.OrderController.submit(OrderController.java:54)
	at jdk.internal.reflect.NativeMethodAccessorImpl.invoke0(Native Method)
	at org.springframework.web.method.support.InvocableHandlerMethod.doInvoke(InvocableHandlerMethod.java:205)
	at org.springframework.web.servlet.DispatcherServlet.doDispatch(DispatcherServlet.java:1081)
2026-10-02 00:35:49.285 ERROR 28412 --- [nio-8080-exec-4] c.e.orders.OrderProcessingService      : Exception occurred during order fulfillment
java.lang.NullPointerException: Cannot invoke "com.example.orders.UserAccount.getBalance()" because "user" is null
	at com.example.orders.OrderProcessingService.validateCredit(OrderProcessingService.java:142)
	at com.example.orders.OrderProcessingService.processOrder(OrderProcessingService.java:87)
	at com.example.orders.OrderController.submit(OrderController.java:54)
	at jdk.internal.reflect.NativeMethodAccessorImpl.invoke0(Native Method)
	at org.springframework.web.method.support.InvocableHandlerMethod.doInvoke(InvocableHandlerMethod.java:205)
	at org.springframework.web.servlet.DispatcherServlet.doDispatch(DispatcherServlet.java:1081)
2026-10-02 00:35:51.952 ERROR 28412 --- [nio-8080-exec-4] c.e.orders.OrderProcessingService      : Exception occurred during order fulfillment
java.lang.NullPointerException: Cannot invoke "com.example.orders.UserAccount.getBalance()" because "user" is null
	at com.example.orders.OrderProcessingService.validateCredit(OrderProcessingService.java:142)
	at com.example.orders.OrderProcessingService.processOrder(OrderProcessingService.java:87)
	at com.example.orders.OrderController.submit(OrderController.java:54)
	at jdk.internal.reflect.NativeMethodAccessorImpl.invoke0(Native Method)
	at org.springframework.web.method.support.InvocableHandlerMethod.doInvoke(InvocableHandlerMethod.java:205)
	at org.springframework.web.servlet.DispatcherServlet.doDispatch(DispatcherServlet.java:1081)
2026-10-02 00:35:55.107 ERROR 28412 --- [nio-8080-exec-4] c.e.orders.OrderProcessingService      : Exception occurred during order fulfillment
java.lang.NullPointerException: Cannot invoke "com.example.orders.UserAccount.getBalance()" because "user" is null
	at com.example.orders.OrderProcessingService.validateCredit(OrderProcessingService.java:142)
	at com.example.orders.OrderProcessingService.processOrder(OrderProcessingService.java:87)
	at com.example.orders.OrderController.submit(OrderController.java:54)
	at jdk.internal.reflect.NativeMethodAccessorImpl.invoke0(Native Method)
	at org.springframework.web.method.support.InvocableHandlerMethod.doInvoke(InvocableHandlerMethod.java:205)
	at org.springframework.web.servlet.DispatcherServlet.doDispatch(DispatcherServlet.java:1081)
2026-10-02 00:35:56.877 ERROR 28412 --- [nio-8080-exec-4] c.e.orders.OrderProcessingService      : Exception occurred during order fulfillment
java.lang.NullPointerException: Cannot invoke "com.example.orders.UserAccount.getBalance()" because "user" is null
	at com.example.orders.OrderProcessingService.validateCredit(OrderProcessingService.java:142)
	at com.example.orders.OrderProcessingService.processOrder(OrderProcessingService.java:87)
	at com.example.orders.OrderController.submit(OrderController.java:54)
	at jdk.internal.reflect.NativeMethodAccessorImpl.invoke0(Native Method)
	at org.springframework.web.method.support.InvocableHandlerMethod.doInvoke(InvocableHandlerMethod.java:205)
	at org.springframework.web.servlet.DispatcherServlet.doDispatch(DispatcherServlet.java:1081)
2026-10-02 00:35:59.290 ERROR 28412 --- [nio-8080-exec-4] c.e.orders.OrderProcessingService      : Exception occurred during order fulfillment
java.lang.NullPointerException: Cannot invoke "com.example.orders.UserAccount.getBalance()" because "user" is null
	at com.example.orders.OrderProcessingService.validateCredit(OrderProcessingService.java:142)
	at com.example.orders.OrderProcessingService.processOrder(OrderProcessingService.java:87)
	at com.example.orders.OrderController.submit(OrderController.java:54)
	at jdk.internal.reflect.NativeMethodAccessorImpl.invoke0(Native Method)
	at org.springframework.web.method.support.InvocableHandlerMethod.doInvoke(InvocableHandlerMethod.java:205)
	at org.springframework.web.servlet.DispatcherServlet.doDispatch(DispatcherServlet.java:1081)
2026-10-02 00:36:01.782 ERROR 28412 --- [nio-8080-exec-4] c.e.orders.OrderProcessingService      : Exception occurred during order fulfillment
java.lang.NullPointerException: Cannot invoke "com.example.orders.UserAccount.getBalance()" because "user" is null
	at com.example.orders.OrderProcessingService.validateCredit(OrderProcessingService.java:142)
	at com.example.orders.OrderProcessingService.processOrder(OrderProcessingService.java:87)
	at com.example.orders.OrderController.submit(OrderController.java:54)
	at jdk.internal.reflect.NativeMethodAccessorImpl.invoke0(Native Method)
	at org.springframework.web.method.support.InvocableHandlerMethod.doInvoke(InvocableHandlerMethod.java:205)
	at org.springframework.web.servlet.DispatcherServlet.doDispatch(DispatcherServlet.java:1081)
2026-10-02 00:36:05.143 ERROR 28412 --- [nio-8080-exec-4] c.e.orders.OrderProcessingService      : Exception occurred during order fulfillment
java.lang.NullPointerException: Cannot invoke "com.example.orders.UserAccount.getBalance()" because "user" is null
	at com.example.orders.OrderProcessingService.validateCredit(OrderProcessingService.java:142)
	at com.example.orders.OrderProcessingService.processOrder(OrderProcessingService.java:87)
	at com.example.orders.OrderController.submit(OrderController.java:54)
	at jdk.internal.reflect.NativeMethodAccessorImpl.invoke0(Native Method)
	at org.springframework.web.method.support.InvocableHandlerMethod.doInvoke(InvocableHandlerMethod.java:205)
	at org.springframework.web.servlet.DispatcherServlet.doDispatch(DispatcherServlet.java:1081)
2026-10-02 00:36:07.104  INFO 28412 --- [nio-8080-exec-3] c.e.orders.OrderProcessingService      : Scheduled audit cron job finished in 420ms
2026-10-02 00:36:09.209  INFO 28412 --- [nio-8080-exec-10] c.e.orders.OrderProcessingService      : Scheduled audit cron job finished in 420ms
2026-10-02 00:36:12.043  INFO 28412 --- [nio-8080-exec-7] c.e.orders.OrderProcessingService      : Kafka consumer partition rebalance completed successfully
2026-10-02 00:36:14.949  INFO 28412 --- [nio-8080-exec-8] c.e.orders.OrderProcessingService      : Initializing Spring Framework Servlet 'dispatcherServlet'
2026-10-02 00:36:17.387  INFO 28412 --- [nio-8080-exec-5] c.e.orders.OrderProcessingService      : Kafka consumer partition rebalance completed successfully
2026-10-02 00:36:19.834  INFO 28412 --- [nio-8080-exec-2] c.e.orders.OrderProcessingService      : Initializing Spring Framework Servlet 'dispatcherServlet'
2026-10-02 00:36:22.465  INFO 28412 --- [nio-8080-exec-9] c.e.orders.OrderProcessingService      : Fetching user preferences for account #94821
2026-10-02 00:36:24.530  INFO 28412 --- [nio-8080-exec-10] c.e.orders.OrderProcessingService      : Initializing Spring Framework Servlet 'dispatcherServlet'
2026-10-02 00:36:27.262  INFO 28412 --- [nio-8080-exec-8] c.e.orders.OrderProcessingService      : Completed 200 OK in 14ms
2026-10-02 00:36:30.164  INFO 28412 --- [nio-8080-exec-5] c.e.orders.OrderProcessingService      : Completed 200 OK in 14ms
2026-10-02 00:36:32.466  INFO 28412 --- [nio-8080-exec-2] c.e.orders.OrderProcessingService      : Fetching user preferences for account #94821
2026-10-02 00:36:34.466  INFO 28412 --- [nio-8080-exec-5] c.e.orders.OrderProcessingService      : Scheduled audit cron job finished in 420ms
2026-10-02 00:36:37.641  INFO 28412 --- [nio-8080-exec-2] c.e.orders.OrderProcessingService      : Scheduled audit cron job finished in 420ms
2026-10-02 00:36:40.064  INFO 28412 --- [nio-8080-exec-1] c.e.orders.OrderProcessingService      : Fetching user preferences for account #94821
2026-10-02 00:36:42.251  INFO 28412 --- [nio-8080-exec-9] c.e.orders.OrderProcessingService      : Kafka consumer partition rebalance completed successfully
2026-10-02 00:36:44.632  INFO 28412 --- [nio-8080-exec-7] c.e.orders.OrderProcessingService      : Completed 200 OK in 14ms
2026-10-02 00:36:47.258  INFO 28412 --- [nio-8080-exec-6] c.e.orders.OrderProcessingService      : Kafka consumer partition rebalance completed successfully
2026-10-02 00:36:49.352  INFO 28412 --- [nio-8080-exec-9] c.e.orders.OrderProcessingService      : Scheduled audit cron job finished in 420ms
2026-10-02 00:36:52.553  INFO 28412 --- [nio-8080-exec-10] c.e.orders.OrderProcessingService      : Fetching user preferences for account #94821
2026-10-02 00:36:54.426  INFO 28412 --- [nio-8080-exec-2] c.e.orders.OrderProcessingService      : Fetching user preferences for account #94821
2026-10-02 00:36:56.831  INFO 28412 --- [nio-8080-exec-8] c.e.orders.OrderProcessingService      : Scheduled audit cron job finished in 420ms
2026-10-02 00:36:59.544  INFO 28412 --- [nio-8080-exec-3] c.e.orders.OrderProcessingService      : Scheduled audit cron job finished in 420ms
2026-10-02 00:37:02.324  INFO 28412 --- [nio-8080-exec-5] c.e.orders.OrderProcessingService      : Scheduled audit cron job finished in 420ms
2026-10-02 00:37:04.199  INFO 28412 --- [nio-8080-exec-9] c.e.orders.OrderProcessingService      : Completed 200 OK in 14ms
2026-10-02 00:37:06.783  INFO 28412 --- [nio-8080-exec-4] c.e.orders.OrderProcessingService      : Completed 200 OK in 14ms
2026-10-02 00:37:09.773  INFO 28412 --- [nio-8080-exec-6] c.e.orders.OrderProcessingService      : Kafka consumer partition rebalance completed successfully
2026-10-02 00:37:12.167  INFO 28412 --- [nio-8080-exec-2] c.e.orders.OrderProcessingService      : Kafka consumer partition rebalance completed successfully
2026-10-02 00:37:15.045  INFO 28412 --- [nio-8080-exec-6] c.e.orders.OrderProcessingService      : Scheduled audit cron job finished in 420ms
2026-10-02 00:37:17.537  INFO 28412 --- [nio-8080-exec-3] c.e.orders.OrderProcessingService      : Kafka consumer partition rebalance completed successfully
2026-10-02 00:37:19.951  INFO 28412 --- [nio-8080-exec-9] c.e.orders.OrderProcessingService      : Scheduled audit cron job finished in 420ms
2026-10-02 00:37:22.346  INFO 28412 --- [nio-8080-exec-5] c.e.orders.OrderProcessingService      : Completed 200 OK in 14ms
2026-10-02 00:37:24.327  INFO 28412 --- [nio-8080-exec-9] c.e.orders.OrderProcessingService      : Scheduled audit cron job finished in 420ms
2026-10-02 00:37:27.040  INFO 28412 --- [nio-8080-exec-1] c.e.orders.OrderProcessingService      : Kafka consumer partition rebalance completed successfully
2026-10-02 00:37:29.911  INFO 28412 --- [nio-8080-exec-4] c.e.orders.OrderProcessingService      : Initializing Spring Framework Servlet 'dispatcherServlet'
2026-10-02 00:37:32.561  INFO 28412 --- [nio-8080-exec-9] c.e.orders.OrderProcessingService      : Scheduled audit cron job finished in 420ms
2026-10-02 00:37:34.763  INFO 28412 --- [nio-8080-exec-6] c.e.orders.OrderProcessingService      : Completed 200 OK in 14ms
2026-10-02 00:37:37.053  INFO 28412 --- [nio-8080-exec-4] c.e.orders.OrderProcessingService      : Initializing Spring Framework Servlet 'dispatcherServlet'
2026-10-02 00:37:40.112  INFO 28412 --- [nio-8080-exec-3] c.e.orders.OrderProcessingService      : Fetching user preferences for account #94821
2026-10-02 00:37:42.100  INFO 28412 --- [nio-8080-exec-5] c.e.orders.OrderProcessingService      : Initializing Spring Framework Servlet 'dispatcherServlet'
2026-10-02 00:37:45.009  INFO 28412 --- [nio-8080-exec-9] c.e.orders.OrderProcessingService      : Scheduled audit cron job finished in 420ms
2026-10-02 00:37:47.018  INFO 28412 --- [nio-8080-exec-7] c.e.orders.OrderProcessingService      : Kafka consumer partition rebalance completed successfully
2026-10-02 00:37:49.519  INFO 28412 --- [nio-8080-exec-9] c.e.orders.OrderProcessingService      : Fetching user preferences for account #94821
2026-10-02 00:37:51.856  INFO 28412 --- [nio-8080-exec-1] c.e.orders.OrderProcessingService      : Fetching user preferences for account #94821
2026-10-02 00:37:54.635  INFO 28412 --- [nio-8080-exec-2] c.e.orders.OrderProcessingService      : Initializing Spring Framework Servlet 'dispatcherServlet'
2026-10-02 00:37:57.348  INFO 28412 --- [nio-8080-exec-7] c.e.orders.OrderProcessingService      : Scheduled audit cron job finished in 420ms
2026-10-02 00:37:59.168  INFO 28412 --- [nio-8080-exec-1] c.e.orders.OrderProcessingService      : Completed 200 OK in 14ms
2026-10-02 00:38:02.000  INFO 28412 --- [nio-8080-exec-10] c.e.orders.OrderProcessingService      : Kafka consumer partition rebalance completed successfully
2026-10-02 00:38:04.689  INFO 28412 --- [nio-8080-exec-10] c.e.orders.OrderProcessingService      : Initializing Spring Framework Servlet 'dispatcherServlet'
2026-10-02 00:38:07.233  INFO 28412 --- [nio-8080-exec-2] c.e.orders.OrderProcessingService      : Fetching user preferences for account #94821
2026-10-02 00:38:09.882  INFO 28412 --- [nio-8080-exec-8] c.e.orders.OrderProcessingService      : Initializing Spring Framework Servlet 'dispatcherServlet'
2026-10-02 00:38:11.840  INFO 28412 --- [nio-8080-exec-10] c.e.orders.OrderProcessingService      : Kafka consumer partition rebalance completed successfully
2026-10-02 00:38:15.142  INFO 28412 --- [nio-8080-exec-7] c.e.orders.OrderProcessingService      : Completed 200 OK in 14ms
2026-10-02 00:38:17.140  INFO 28412 --- [nio-8080-exec-2] c.e.orders.OrderProcessingService      : Kafka consumer partition rebalance completed successfully
2026-10-02 00:38:19.309  INFO 28412 --- [nio-8080-exec-8] c.e.orders.OrderProcessingService      : Initializing Spring Framework Servlet 'dispatcherServlet'
2026-10-02 00:38:22.529  INFO 28412 --- [nio-8080-exec-6] c.e.orders.OrderProcessingService      : Initializing Spring Framework Servlet 'dispatcherServlet'
2026-10-02 00:38:24.234  INFO 28412 --- [nio-8080-exec-3] c.e.orders.OrderProcessingService      : Completed 200 OK in 14ms
2026-10-02 00:38:27.589  INFO 28412 --- [nio-8080-exec-7] c.e.orders.OrderProcessingService      : Initializing Spring Framework Servlet 'dispatcherServlet'
2026-10-02 00:38:29.669  INFO 28412 --- [nio-8080-exec-5] c.e.orders.OrderProcessingService      : Kafka consumer partition rebalance completed successfully
2026-10-02 00:38:32.233  INFO 28412 --- [nio-8080-exec-2] c.e.orders.OrderProcessingService      : Fetching user preferences for account #94821
2026-10-02 00:38:34.318  INFO 28412 --- [nio-8080-exec-4] c.e.orders.OrderProcessingService      : Kafka consumer partition rebalance completed successfully
2026-10-02 00:38:37.167  INFO 28412 --- [nio-8080-exec-4] c.e.orders.OrderProcessingService      : Fetching user preferences for account #94821
2026-10-02 00:38:39.383  INFO 28412 --- [nio-8080-exec-7] c.e.orders.OrderProcessingService      : Completed 200 OK in 14ms
2026-10-02 00:38:42.381  INFO 28412 --- [nio-8080-exec-4] c.e.orders.OrderProcessingService      : Scheduled audit cron job finished in 420ms
2026-10-02 00:38:44.409  INFO 28412 --- [nio-8080-exec-3] c.e.orders.OrderProcessingService      : Scheduled audit cron job finished in 420ms
2026-10-02 00:38:47.406  INFO 28412 --- [nio-8080-exec-7] c.e.orders.OrderProcessingService      : Fetching user preferences for account #94821
2026-10-02 00:38:49.370  INFO 28412 --- [nio-8080-exec-8] c.e.orders.OrderProcessingService      : Scheduled audit cron job finished in 420ms
2026-10-02 00:38:51.820  INFO 28412 --- [nio-8080-exec-1] c.e.orders.OrderProcessingService      : Fetching user preferences for account #94821
2026-10-02 00:38:54.782  INFO 28412 --- [nio-8080-exec-6] c.e.orders.OrderProcessingService      : Fetching user preferences for account #94821
2026-10-02 00:38:57.095  INFO 28412 --- [nio-8080-exec-3] c.e.orders.OrderProcessingService      : Completed 200 OK in 14ms
2026-10-02 00:38:59.176  INFO 28412 --- [nio-8080-exec-10] c.e.orders.OrderProcessingService      : Kafka consumer partition rebalance completed successfully
2026-10-02 00:39:02.617  INFO 28412 --- [nio-8080-exec-2] c.e.orders.OrderProcessingService      : Completed 200 OK in 14ms
2026-10-02 00:39:04.608  INFO 28412 --- [nio-8080-exec-10] c.e.orders.OrderProcessingService      : Completed 200 OK in 14ms
2026-10-02 00:39:06.966  INFO 28412 --- [nio-8080-exec-2] c.e.orders.OrderProcessingService      : Fetching user preferences for account #94821
2026-10-02 00:39:10.045  INFO 28412 --- [nio-8080-exec-9] c.e.orders.OrderProcessingService      : Initializing Spring Framework Servlet 'dispatcherServlet'
2026-10-02 00:39:12.397  INFO 28412 --- [nio-8080-exec-9] c.e.orders.OrderProcessingService      : Scheduled audit cron job finished in 420ms
2026-10-02 00:39:14.919  INFO 28412 --- [nio-8080-exec-4] c.e.orders.OrderProcessingService      : Initializing Spring Framework Servlet 'dispatcherServlet'
2026-10-02 00:39:16.794  INFO 28412 --- [nio-8080-exec-2] c.e.orders.OrderProcessingService      : Scheduled audit cron job finished in 420ms
2026-10-02 00:39:19.854  INFO 28412 --- [nio-8080-exec-4] c.e.orders.OrderProcessingService      : Completed 200 OK in 14ms
2026-10-02 00:39:21.976  INFO 28412 --- [nio-8080-exec-1] c.e.orders.OrderProcessingService      : Fetching user preferences for account #94821
2026-10-02 00:39:24.304  INFO 28412 --- [nio-8080-exec-6] c.e.orders.OrderProcessingService      : Kafka consumer partition rebalance completed successfully
2026-10-02 00:39:26.905  INFO 28412 --- [nio-8080-exec-4] c.e.orders.OrderProcessingService      : Scheduled audit cron job finished in 420ms
2026-10-02 00:39:29.276  INFO 28412 --- [nio-8080-exec-5] c.e.orders.OrderProcessingService      : Completed 200 OK in 14ms
2026-10-02 00:39:31.978  INFO 28412 --- [nio-8080-exec-6] c.e.orders.OrderProcessingService      : Kafka consumer partition rebalance completed successfully
2026-10-02 00:39:34.955  INFO 28412 --- [nio-8080-exec-1] c.e.orders.OrderProcessingService      : Initializing Spring Framework Servlet 'dispatcherServlet'
2026-10-02 00:39:36.815  INFO 28412 --- [nio-8080-exec-7] c.e.orders.OrderProcessingService      : Kafka consumer partition rebalance completed successfully
2026-10-02 00:39:39.316  INFO 28412 --- [nio-8080-exec-3] c.e.orders.OrderProcessingService      : Completed 200 OK in 14ms
2026-10-02 00:39:41.992  INFO 28412 --- [nio-8080-exec-3] c.e.orders.OrderProcessingService      : Completed 200 OK in 14ms
2026-10-02 00:39:44.873  INFO 28412 --- [nio-8080-exec-2] c.e.orders.OrderProcessingService      : Completed 200 OK in 14ms
2026-10-02 00:39:47.474  INFO 28412 --- [nio-8080-exec-3] c.e.orders.OrderProcessingService      : Fetching user preferences for account #94821
2026-10-02 00:39:50.056  INFO 28412 --- [nio-8080-exec-2] c.e.orders.OrderProcessingService      : Scheduled audit cron job finished in 420ms
2026-10-02 00:39:52.385  INFO 28412 --- [nio-8080-exec-4] c.e.orders.OrderProcessingService      : Fetching user preferences for account #94821
2026-10-02 00:39:54.899  INFO 28412 --- [nio-8080-exec-9] c.e.orders.OrderProcessingService      : Completed 200 OK in 14ms
2026-10-02 00:39:57.249  INFO 28412 --- [nio-8080-exec-7] c.e.orders.OrderProcessingService      : Fetching user preferences for account #94821
2026-10-02 00:39:59.360  INFO 28412 --- [nio-8080-exec-5] c.e.orders.OrderProcessingService      : Initializing Spring Framework Servlet 'dispatcherServlet'
2026-10-02 00:40:01.729  INFO 28412 --- [nio-8080-exec-6] c.e.orders.OrderProcessingService      : Completed 200 OK in 14ms
2026-10-02 00:40:04.768  INFO 28412 --- [nio-8080-exec-3] c.e.orders.OrderProcessingService      : Fetching user preferences for account #94821
2026-10-02 00:40:07.092  INFO 28412 --- [nio-8080-exec-7] c.e.orders.OrderProcessingService      : Kafka consumer partition rebalance completed successfully
2026-10-02 00:40:09.938  INFO 28412 --- [nio-8080-exec-7] c.e.orders.OrderProcessingService      : Fetching user preferences for account #94821
2026-10-02 00:40:12.446  INFO 28412 --- [nio-8080-exec-8] c.e.orders.OrderProcessingService      : Kafka consumer partition rebalance completed successfully
2026-10-02 00:40:15.060  INFO 28412 --- [nio-8080-exec-8] c.e.orders.OrderProcessingService      : Completed 200 OK in 14ms
2026-10-02 00:40:16.869  INFO 28412 --- [nio-8080-exec-6] c.e.orders.OrderProcessingService      : Fetching user preferences for account #94821
2026-10-02 00:40:19.468  INFO 28412 --- [nio-8080-exec-10] c.e.orders.OrderProcessingService      : Completed 200 OK in 14ms
2026-10-02 00:40:22.142  INFO 28412 --- [nio-8080-exec-10] c.e.orders.OrderProcessingService      : Completed 200 OK in 14ms
2026-10-02 00:40:24.870  INFO 28412 --- [nio-8080-exec-1] c.e.orders.OrderProcessingService      : Completed 200 OK in 14ms
2026-10-02 00:40:27.555  INFO 28412 --- [nio-8080-exec-6] c.e.orders.OrderProcessingService      : Kafka consumer partition rebalance completed successfully
2026-10-02 00:40:29.640  INFO 28412 --- [nio-8080-exec-8] c.e.orders.OrderProcessingService      : Fetching user preferences for account #94821
2026-10-02 00:40:32.331  INFO 28412 --- [nio-8080-exec-2] c.e.orders.OrderProcessingService      : Completed 200 OK in 14ms
2026-10-02 00:40:34.508  INFO 28412 --- [nio-8080-exec-5] c.e.orders.OrderProcessingService      : Fetching user preferences for account #94821
2026-10-02 00:40:36.939  INFO 28412 --- [nio-8080-exec-2] c.e.orders.OrderProcessingService      : Completed 200 OK in 14ms
2026-10-02 00:40:39.423  INFO 28412 --- [nio-8080-exec-8] c.e.orders.OrderProcessingService      : Kafka consumer partition rebalance completed successfully
2026-10-02 00:40:41.876  INFO 28412 --- [nio-8080-exec-6] c.e.orders.OrderProcessingService      : Scheduled audit cron job finished in 420ms
2026-10-02 00:40:44.748  INFO 28412 --- [nio-8080-exec-8] c.e.orders.OrderProcessingService      : Scheduled audit cron job finished in 420ms
2026-10-02 00:40:47.126  INFO 28412 --- [nio-8080-exec-3] c.e.orders.OrderProcessingService      : Kafka consumer partition rebalance completed successfully
2026-10-02 00:40:49.416  INFO 28412 --- [nio-8080-exec-4] c.e.orders.OrderProcessingService      : Scheduled audit cron job finished in 420ms
2026-10-02 00:40:52.592  INFO 28412 --- [nio-8080-exec-5] c.e.orders.OrderProcessingService      : Kafka consumer partition rebalance completed successfully
2026-10-02 00:40:55.103  INFO 28412 --- [nio-8080-exec-4] c.e.orders.OrderProcessingService      : Fetching user preferences for account #94821
2026-10-02 00:40:57.046  INFO 28412 --- [nio-8080-exec-8] c.e.orders.OrderProcessingService      : Fetching user preferences for account #94821
2026-10-02 00:40:59.311  INFO 28412 --- [nio-8080-exec-4] c.e.orders.OrderProcessingService      : Scheduled audit cron job finished in 420ms
2026-10-02 00:41:01.898  INFO 28412 --- [nio-8080-exec-3] c.e.orders.OrderProcessingService      : Scheduled audit cron job finished in 420ms
2026-10-02 00:41:04.528  INFO 28412 --- [nio-8080-exec-5] c.e.orders.OrderProcessingService      : Kafka consumer partition rebalance completed successfully
2026-10-02 00:41:07.162  INFO 28412 --- [nio-8080-exec-8] c.e.orders.OrderProcessingService      : Kafka consumer partition rebalance completed successfully
2026-10-02 00:41:09.738  INFO 28412 --- [nio-8080-exec-6] c.e.orders.OrderProcessingService      : Scheduled audit cron job finished in 420ms
2026-10-02 00:41:12.009  INFO 28412 --- [nio-8080-exec-4] c.e.orders.OrderProcessingService      : Kafka consumer partition rebalance completed successfully
2026-10-02 00:41:15.144  INFO 28412 --- [nio-8080-exec-8] c.e.orders.OrderProcessingService      : Scheduled audit cron job finished in 420ms
2026-10-02 00:41:16.886  INFO 28412 --- [nio-8080-exec-3] c.e.orders.OrderProcessingService      : Scheduled audit cron job finished in 420ms
2026-10-02 00:41:19.234  INFO 28412 --- [nio-8080-exec-2] c.e.orders.OrderProcessingService      : Fetching user preferences for account #94821
2026-10-02 00:41:22.144  INFO 28412 --- [nio-8080-exec-7] c.e.orders.OrderProcessingService      : Fetching user preferences for account #94821
2026-10-02 00:41:24.469  INFO 28412 --- [nio-8080-exec-7] c.e.orders.OrderProcessingService      : Completed 200 OK in 14ms
2026-10-02 00:41:26.859  INFO 28412 --- [nio-8080-exec-9] c.e.orders.OrderProcessingService      : Scheduled audit cron job finished in 420ms
2026-10-02 00:41:29.256  INFO 28412 --- [nio-8080-exec-6] c.e.orders.OrderProcessingService      : Completed 200 OK in 14ms
2026-10-02 00:41:32.464  INFO 28412 --- [nio-8080-exec-5] c.e.orders.OrderProcessingService      : Initializing Spring Framework Servlet 'dispatcherServlet'
2026-10-02 00:41:34.659  INFO 28412 --- [nio-8080-exec-10] c.e.orders.OrderProcessingService      : Kafka consumer partition rebalance completed successfully
2026-10-02 00:41:37.153  INFO 28412 --- [nio-8080-exec-2] c.e.orders.OrderProcessingService      : Initializing Spring Framework Servlet 'dispatcherServlet'
2026-10-02 00:41:39.646  INFO 28412 --- [nio-8080-exec-9] c.e.orders.OrderProcessingService      : Scheduled audit cron job finished in 420ms